Archive member included to satisfy reference by file (symbol)

m:/18.iti-material-embedded-system-track-4-months/09.arm/arm_tool_sdk/imt_sdk_win_64/imt_sdk_win_64/winarm/armgcc/bin/../lib/gcc/arm-none-eabi/7.2.1/thumb/v7e-m\libgcc.a(_aeabi_uldivmod.o)
                              ./src/MCAL/UART/UART_prg.o (__aeabi_uldivmod)
m:/18.iti-material-embedded-system-track-4-months/09.arm/arm_tool_sdk/imt_sdk_win_64/imt_sdk_win_64/winarm/armgcc/bin/../lib/gcc/arm-none-eabi/7.2.1/thumb/v7e-m\libgcc.a(_udivmoddi4.o)
                              m:/18.iti-material-embedded-system-track-4-months/09.arm/arm_tool_sdk/imt_sdk_win_64/imt_sdk_win_64/winarm/armgcc/bin/../lib/gcc/arm-none-eabi/7.2.1/thumb/v7e-m\libgcc.a(_aeabi_uldivmod.o) (__udivmoddi4)
m:/18.iti-material-embedded-system-track-4-months/09.arm/arm_tool_sdk/imt_sdk_win_64/imt_sdk_win_64/winarm/armgcc/bin/../lib/gcc/arm-none-eabi/7.2.1/thumb/v7e-m\libgcc.a(_dvmd_tls.o)
                              m:/18.iti-material-embedded-system-track-4-months/09.arm/arm_tool_sdk/imt_sdk_win_64/imt_sdk_win_64/winarm/armgcc/bin/../lib/gcc/arm-none-eabi/7.2.1/thumb/v7e-m\libgcc.a(_aeabi_uldivmod.o) (__aeabi_ldiv0)
m:/18.iti-material-embedded-system-track-4-months/09.arm/arm_tool_sdk/imt_sdk_win_64/imt_sdk_win_64/winarm/armgcc/bin/../lib/gcc/arm-none-eabi/7.2.1/../../../../arm-none-eabi/lib/thumb/v7e-m\libg_nano.a(lib_a-errno.o)
                              ./system/src/newlib/_sbrk.o (__errno)
m:/18.iti-material-embedded-system-track-4-months/09.arm/arm_tool_sdk/imt_sdk_win_64/imt_sdk_win_64/winarm/armgcc/bin/../lib/gcc/arm-none-eabi/7.2.1/../../../../arm-none-eabi/lib/thumb/v7e-m\libg_nano.a(lib_a-impure.o)
                              m:/18.iti-material-embedded-system-track-4-months/09.arm/arm_tool_sdk/imt_sdk_win_64/imt_sdk_win_64/winarm/armgcc/bin/../lib/gcc/arm-none-eabi/7.2.1/../../../../arm-none-eabi/lib/thumb/v7e-m\libg_nano.a(lib_a-errno.o) (_impure_ptr)
m:/18.iti-material-embedded-system-track-4-months/09.arm/arm_tool_sdk/imt_sdk_win_64/imt_sdk_win_64/winarm/armgcc/bin/../lib/gcc/arm-none-eabi/7.2.1/../../../../arm-none-eabi/lib/thumb/v7e-m\libg_nano.a(lib_a-strlen.o)
                              ./system/src/diag/Trace.o (strlen)
m:/18.iti-material-embedded-system-track-4-months/09.arm/arm_tool_sdk/imt_sdk_win_64/imt_sdk_win_64/winarm/armgcc/bin/../lib/gcc/arm-none-eabi/7.2.1/../../../../arm-none-eabi/lib/thumb/v7e-m\libg_nano.a(lib_a-vsnprintf.o)
                              ./system/src/diag/Trace.o (vsnprintf)
m:/18.iti-material-embedded-system-track-4-months/09.arm/arm_tool_sdk/imt_sdk_win_64/imt_sdk_win_64/winarm/armgcc/bin/../lib/gcc/arm-none-eabi/7.2.1/../../../../arm-none-eabi/lib/thumb/v7e-m\libg_nano.a(lib_a-nano-svfprintf.o)
                              m:/18.iti-material-embedded-system-track-4-months/09.arm/arm_tool_sdk/imt_sdk_win_64/imt_sdk_win_64/winarm/armgcc/bin/../lib/gcc/arm-none-eabi/7.2.1/../../../../arm-none-eabi/lib/thumb/v7e-m\libg_nano.a(lib_a-vsnprintf.o) (_svfprintf_r)
m:/18.iti-material-embedded-system-track-4-months/09.arm/arm_tool_sdk/imt_sdk_win_64/imt_sdk_win_64/winarm/armgcc/bin/../lib/gcc/arm-none-eabi/7.2.1/../../../../arm-none-eabi/lib/thumb/v7e-m\libg_nano.a(lib_a-nano-vfprintf_i.o)
                              m:/18.iti-material-embedded-system-track-4-months/09.arm/arm_tool_sdk/imt_sdk_win_64/imt_sdk_win_64/winarm/armgcc/bin/../lib/gcc/arm-none-eabi/7.2.1/../../../../arm-none-eabi/lib/thumb/v7e-m\libg_nano.a(lib_a-nano-svfprintf.o) (_printf_i)
m:/18.iti-material-embedded-system-track-4-months/09.arm/arm_tool_sdk/imt_sdk_win_64/imt_sdk_win_64/winarm/armgcc/bin/../lib/gcc/arm-none-eabi/7.2.1/../../../../arm-none-eabi/lib/thumb/v7e-m\libg_nano.a(lib_a-memchr.o)
                              m:/18.iti-material-embedded-system-track-4-months/09.arm/arm_tool_sdk/imt_sdk_win_64/imt_sdk_win_64/winarm/armgcc/bin/../lib/gcc/arm-none-eabi/7.2.1/../../../../arm-none-eabi/lib/thumb/v7e-m\libg_nano.a(lib_a-nano-svfprintf.o) (memchr)
m:/18.iti-material-embedded-system-track-4-months/09.arm/arm_tool_sdk/imt_sdk_win_64/imt_sdk_win_64/winarm/armgcc/bin/../lib/gcc/arm-none-eabi/7.2.1/../../../../arm-none-eabi/lib/thumb/v7e-m\libg_nano.a(lib_a-memcpy-stub.o)
                              m:/18.iti-material-embedded-system-track-4-months/09.arm/arm_tool_sdk/imt_sdk_win_64/imt_sdk_win_64/winarm/armgcc/bin/../lib/gcc/arm-none-eabi/7.2.1/../../../../arm-none-eabi/lib/thumb/v7e-m\libg_nano.a(lib_a-nano-svfprintf.o) (memcpy)
m:/18.iti-material-embedded-system-track-4-months/09.arm/arm_tool_sdk/imt_sdk_win_64/imt_sdk_win_64/winarm/armgcc/bin/../lib/gcc/arm-none-eabi/7.2.1/../../../../arm-none-eabi/lib/thumb/v7e-m\libg_nano.a(lib_a-memmove.o)
                              m:/18.iti-material-embedded-system-track-4-months/09.arm/arm_tool_sdk/imt_sdk_win_64/imt_sdk_win_64/winarm/armgcc/bin/../lib/gcc/arm-none-eabi/7.2.1/../../../../arm-none-eabi/lib/thumb/v7e-m\libg_nano.a(lib_a-nano-svfprintf.o) (memmove)
[...]
Memory Configuration

Name             Origin             Length             Attributes
RAM              0x20000000         0x00010000         xrw
CCMRAM           0x10000000         0x00000000         xrw
FLASH            0x08000000         0x00040000         xr
FLASHB1          0x00000000         0x00000000         xr
EXTMEMB0         0x00000000         0x00000000         xr
EXTMEMB1         0x00000000         0x00000000         xr
EXTMEMB2         0x00000000         0x00000000         xr
EXTMEMB3         0x00000000         0x00000000         xr
*default*        0x00000000         0xffffffff

Linker script and memory map

LOAD ./system/src/stm32f4-hal/stm32f4xx_hal.o
LOAD ./system/src/stm32f4-hal/stm32f4xx_hal_cortex.o
LOAD ./system/src/stm32f4-hal/stm32f4xx_hal_dfsdm.o
LOAD ./system/src/stm32f4-hal/stm32f4xx_hal_flash.o
LOAD ./system/src/stm32f4-hal/stm32f4xx_hal_gpio.o
LOAD ./system/src/stm32f4-hal/stm32f4xx_hal_iwdg.o
LOAD ./system/src/stm32f4-hal/stm32f4xx_hal_pwr.o
LOAD ./system/src/stm32f4-hal/stm32f4xx_hal_rcc.o
LOAD ./system/src/newlib/_cxx.o
LOAD ./system/src/newlib/_exit.o
LOAD ./system/src/newlib/_sbrk.o
LOAD ./system/src/newlib/_startup.o
LOAD ./system/src/newlib/_syscalls.o
LOAD ./system/src/newlib/assert.o
LOAD ./system/src/diag/Trace.o
LOAD ./system/src/diag/trace_impl.o
LOAD ./system/src/cortexm/_initialize_hardware.o
LOAD ./system/src/cortexm/_reset_hardware.o
LOAD ./system/src/cortexm/exception_handlers.o
LOAD ./system/src/cmsis/system_stm32f4xx.o
LOAD ./system/src/cmsis/vectors_stm32f401xc.o
LOAD ./src/MCAL/UART/UART_cfg.o
LOAD ./src/MCAL/UART/UART_prg.o
LOAD ./src/MCAL/SYSTICK/STK_prg.o
LOAD ./src/MCAL/RCC/RCC_prg.o
LOAD ./src/MCAL/NVIC/NVIC_prg.o
LOAD ./src/MCAL/GPIO/GPIO_prg.o
LOAD ./src/_initialize_hardware.o
LOAD ./src/main.o
LOAD ./src/stm32f4xx_hal_msp.o
LOAD m:/18.iti-material-embedded-system-track-4-months/09.arm/arm_tool_sdk/imt_sdk_win_64/imt_sdk_win_64/winarm/armgcc/bin/../lib/gcc/arm-none-eabi/7.2.1/../../../../arm-none-eabi/lib/thumb/v7e-m\libstdc++_nano.a
LOAD m:/18.iti-material-embedded-system-track-4-months/09.arm/arm_tool_sdk/imt_sdk_win_64/imt_sdk_win_64/winarm/armgcc/bin/../lib/gcc/arm-none-eabi/7.2.1/../../../../arm-none-eabi/lib/thumb/v7e-m\libm.a
START GROUP
LOAD m:/18.iti-material-embedded-system-track-4-months/09.arm/arm_tool_sdk/imt_sdk_win_64/imt_sdk_win_64/winarm/armgcc/bin/../lib/gcc/arm-none-eabi/7.2.1/thumb/v7e-m\libgcc.a
LOAD m:/18.iti-material-embedded-system-track-4-months/09.arm/arm_tool_sdk/imt_sdk_win_64/imt_sdk_win_64/winarm/armgcc/bin/../lib/gcc/arm-none-eabi/7.2.1/../../../../arm-none-eabi/lib/thumb/v7e-m\libg_nano.a
LOAD m:/18.iti-material-embedded-system-track-4-months/09.arm/arm_tool_sdk/imt_sdk_win_64/imt_sdk_win_64/winarm/armgcc/bin/../lib/gcc/arm-none-eabi/7.2.1/../../../../arm-none-eabi/lib/thumb/v7e-m\libc_nano.a
END GROUP
START GROUP
LOAD m:/18.iti-material-embedded-system-track-4-months/09.arm/arm_tool_sdk/imt_sdk_win_64/imt_sdk_win_64/winarm/armgcc/bin/../lib/gcc/arm-none-eabi/7.2.1/thumb/v7e-m\libgcc.a
LOAD m:/18.iti-material-embedded-system-track-4-months/09.arm/arm_tool_sdk/imt_sdk_win_64/imt_sdk_win_64/winarm/armgcc/bin/../lib/gcc/arm-none-eabi/7.2.1/../../../../arm-none-eabi/lib/thumb/v7e-m\libc_nano.a
END GROUP
                0x20010000                __stack = (ORIGIN (RAM) + LENGTH (RAM))
                0x20010000                _estack = __stack
                0x00000400                __Main_Stack_Size = 0x400
                [!provide]                PROVIDE (_Main_Stack_Size, __Main_Stack_Size)
                0x2000fc00                __Main_Stack_Limit = (__stack - __Main_Stack_Size)
                [!provide]                PROVIDE (_Main_Stack_Limit, __Main_Stack_Limit)
                0x00000100                _Minimum_Stack_Size = 0x100
                0x2000013c                PROVIDE (_Heap_Begin, _end_noinit)
                0x2000fc00                PROVIDE (_Heap_Limit, (__stack - __Main_Stack_Size))

.isr_vector     0x08000000      0x3f4
 FILL mask 0xff
                0x08000000                __vectors_start = ABSOLUTE (.)
                0x08000000                __vectors_start__ = ABSOLUTE (.)
 *(.isr_vector)
 .isr_vector    0x08000000      0x194 ./system/src/cmsis/vectors_stm32f401xc.o
                0x08000000                __isr_vectors
 *(.cfmconfig)
 *(.after_vectors .after_vectors.*)
 .after_vectors
                0x08000194      0x130 ./system/src/newlib/_startup.o
                0x08000194                _start
 .after_vectors
                0x080002c4      0x12c ./system/src/cortexm/exception_handlers.o
                0x080002c4                Reset_Handler
                0x080002ca                NMI_Handler
                0x080002ce                HardFault_Handler
                0x080002e2                HardFault_Handler_C
                0x08000340                MemManage_Handler
                0x08000344                BusFault_Handler
                0x08000358                BusFault_Handler_C
                0x0800038c                UsageFault_Handler
                0x080003a0                UsageFault_Handler_C
                0x080003d4                SVC_Handler
                0x080003d8                DebugMon_Handler
                0x080003dc                PendSV_Handler
 .after_vectors
                0x080003f0        0x4 ./system/src/cmsis/vectors_stm32f401xc.o
                0x080003f0                RTC_Alarm_IRQHandler
                0x080003f0                EXTI2_IRQHandler
                0x080003f0                SPI4_IRQHandler
                0x080003f0                TIM1_CC_IRQHandler
                0x080003f0                DMA2_Stream5_IRQHandler
                0x080003f0                DMA1_Stream5_IRQHandler
                0x080003f0                PVD_IRQHandler
                0x080003f0                SDIO_IRQHandler
                0x080003f0                TAMP_STAMP_IRQHandler
                0x080003f0                EXTI3_IRQHandler
                0x080003f0                TIM1_UP_TIM10_IRQHandler
                0x080003f0                I2C3_ER_IRQHandler
                0x080003f0                EXTI0_IRQHandler
                0x080003f0                I2C2_EV_IRQHandler
                0x080003f0                DMA1_Stream2_IRQHandler
                0x080003f0                FPU_IRQHandler
                0x080003f0                DMA2_Stream2_IRQHandler
                0x080003f0                SPI1_IRQHandler
                0x080003f0                TIM1_BRK_TIM9_IRQHandler
                0x080003f0                DMA2_Stream3_IRQHandler
                0x080003f0                DMA2_Stream0_IRQHandler
                0x080003f0                TIM4_IRQHandler
                0x080003f0                I2C1_EV_IRQHandler
                0x080003f0                DMA1_Stream6_IRQHandler
                0x080003f0                DMA1_Stream1_IRQHandler
                0x080003f0                TIM3_IRQHandler
                0x080003f0                RCC_IRQHandler
                0x080003f0                Default_Handler
                0x080003f0                EXTI15_10_IRQHandler
                0x080003f0                ADC_IRQHandler
                0x080003f0                DMA1_Stream7_IRQHandler
                0x080003f0                TIM5_IRQHandler
                0x080003f0                DMA2_Stream7_IRQHandler
                0x080003f0                I2C3_EV_IRQHandler
                0x080003f0                EXTI9_5_IRQHandler
                0x080003f0                RTC_WKUP_IRQHandler
                0x080003f0                SPI2_IRQHandler
                0x080003f0                DMA1_Stream0_IRQHandler
                0x080003f0                EXTI4_IRQHandler
                0x080003f0                WWDG_IRQHandler
                0x080003f0                TIM2_IRQHandler
                0x080003f0                OTG_FS_WKUP_IRQHandler
                0x080003f0                TIM1_TRG_COM_TIM11_IRQHandler
                0x080003f0                EXTI1_IRQHandler
                0x080003f0                I2C2_ER_IRQHandler
                0x080003f0                DMA2_Stream1_IRQHandler
                0x080003f0                FLASH_IRQHandler
                0x080003f0                DMA2_Stream4_IRQHandler
                0x080003f0                OTG_FS_IRQHandler
                0x080003f0                SPI3_IRQHandler
                0x080003f0                DMA1_Stream4_IRQHandler
                0x080003f0                I2C1_ER_IRQHandler
                0x080003f0                DMA2_Stream6_IRQHandler
                0x080003f0                DMA1_Stream3_IRQHandler

.inits          0x080003f4       0x28
                0x080003f4                __data_regions_array_start = .
                0x080003f4        0x4 LONG 0x8002580 LOADADDR (.data)
                0x080003f8        0x4 LONG 0x20000000 ADDR (.data)
                0x080003fc        0x4 LONG 0x20000088 (ADDR (.data) + SIZEOF (.data))
                0x08000400        0x4 LONG 0x8002580 LOADADDR (.data_CCMRAM)
                0x08000404        0x4 LONG 0x10000000 ADDR (.data_CCMRAM)
                0x08000408        0x4 LONG 0x10000000 (ADDR (.data_CCMRAM) + SIZEOF (.data_CCMRAM))
                0x0800040c                __data_regions_array_end = .
                0x0800040c                __bss_regions_array_start = .
                0x0800040c        0x4 LONG 0x20000088 ADDR (.bss)
                0x08000410        0x4 LONG 0x2000013c (ADDR (.bss) + SIZEOF (.bss))
                0x08000414        0x4 LONG 0x10000000 ADDR (.bss_CCMRAM)
                0x08000418        0x4 LONG 0x10000000 (ADDR (.bss_CCMRAM) + SIZEOF (.bss_CCMRAM))
                0x0800041c                __bss_regions_array_end = .
 *(.init)
 *(.fini)
                0x0800041c                . = ALIGN (0x4)
                0x0800041c                PROVIDE (__preinit_array_start, .)
 *(.preinit_array_sysinit .preinit_array_sysinit.*)
 *(.preinit_array_platform .preinit_array_platform.*)
 *(.preinit_array .preinit_array.*)
                0x0800041c                PROVIDE (__preinit_array_end, .)
                0x0800041c                . = ALIGN (0x4)
                0x0800041c                PROVIDE (__init_array_start, .)
 *(SORT_BY_NAME(.init_array.*))
 *(.init_array)
                0x0800041c                PROVIDE (__init_array_end, .)
                0x0800041c                . = ALIGN (0x4)
                0x0800041c                PROVIDE (__fini_array_start, .)
 *(SORT_BY_NAME(.fini_array.*))
 *(.fini_array)
                0x0800041c                PROVIDE (__fini_array_end, .)

.flashtext
 *(.flashtext .flashtext.*)

.text           0x08000420     0x2157
 *(.text .text.*)
 .text.HAL_InitTick
                0x08000420       0x2c ./system/src/stm32f4-hal/stm32f4xx_hal.o
                0x08000420                HAL_InitTick
 .text.HAL_Init
                0x0800044c       0x34 ./system/src/stm32f4-hal/stm32f4xx_hal.o
                0x0800044c                HAL_Init
 .text.HAL_GetTick
                0x08000480        0xc ./system/src/stm32f4-hal/stm32f4xx_hal.o
                0x08000480                HAL_GetTick
 .text.HAL_NVIC_SetPriorityGrouping
                0x0800048c       0x3c ./system/src/stm32f4-hal/stm32f4xx_hal_cortex.o
                0x0800048c                HAL_NVIC_SetPriorityGrouping
 .text.HAL_NVIC_SetPriority
                0x080004c8       0x8c ./system/src/stm32f4-hal/stm32f4xx_hal_cortex.o
                0x080004c8                HAL_NVIC_SetPriority
 .text.HAL_SYSTICK_Config
                0x08000554       0x2c ./system/src/stm32f4-hal/stm32f4xx_hal_cortex.o
                0x08000554                HAL_SYSTICK_Config
 .text.HAL_SYSTICK_CLKSourceConfig
                0x08000580       0x3c ./system/src/stm32f4-hal/stm32f4xx_hal_cortex.o
                0x08000580                HAL_SYSTICK_CLKSourceConfig
 .text.HAL_RCC_OscConfig
                0x080005bc      0x43c ./system/src/stm32f4-hal/stm32f4xx_hal_rcc.o
                0x080005bc                HAL_RCC_OscConfig
 .text.HAL_RCC_GetSysClockFreq
                0x080009f8       0x94 ./system/src/stm32f4-hal/stm32f4xx_hal_rcc.o
                0x080009f8                HAL_RCC_GetSysClockFreq
 .text.HAL_RCC_ClockConfig
                0x08000a8c      0x258 ./system/src/stm32f4-hal/stm32f4xx_hal_rcc.o
                0x08000a8c                HAL_RCC_ClockConfig
 .text.HAL_RCC_GetHCLKFreq
                0x08000ce4        0xc ./system/src/stm32f4-hal/stm32f4xx_hal_rcc.o
                0x08000ce4                HAL_RCC_GetHCLKFreq
 .text._exit    0x08000cf0        0x2 ./system/src/newlib/_exit.o
                0x08000cf0                _exit
 *fill*         0x08000cf2        0x2 
 .text.abort    0x08000cf4       0x14 ./system/src/newlib/_exit.o
                0x08000cf4                abort
 .text._sbrk    0x08000d08       0x44 ./system/src/newlib/_sbrk.o
                0x08000d08                _sbrk
 .text.__initialize_args
                0x08000d4c       0x10 ./system/src/newlib/_syscalls.o
                0x08000d4c                __initialize_args
 .text.assert_failed
                0x08000d5c       0x14 ./system/src/newlib/assert.o
                0x08000d5c                assert_failed
 .text.trace_printf
                0x08000d70       0x30 ./system/src/diag/Trace.o
                0x08000d70                trace_printf
 .text.trace_puts
                0x08000da0       0x20 ./system/src/diag/Trace.o
                0x08000da0                trace_puts
 .text._trace_write_semihosting_debug
                0x08000dc0       0x60 ./system/src/diag/trace_impl.o
 .text.trace_write
                0x08000e20        0x8 ./system/src/diag/trace_impl.o
                0x08000e20                trace_write
 .text.__initialize_hardware_early
                0x08000e28       0x18 ./system/src/cortexm/_initialize_hardware.o
                0x08000e28                __initialize_hardware_early
 .text.dumpExceptionStack
                0x08000e40       0xf4 ./system/src/cortexm/exception_handlers.o
                0x08000e40                dumpExceptionStack
 .text.isSemihosting
                0x08000f34       0x20 ./system/src/cortexm/exception_handlers.o
                0x08000f34                isSemihosting
 .text.SystemInit
                0x08000f54       0x40 ./system/src/cmsis/system_stm32f4xx.o
                0x08000f54                SystemInit
 .text.SystemCoreClockUpdate
                0x08000f94       0xa0 ./system/src/cmsis/system_stm32f4xx.o
                0x08000f94                SystemCoreClockUpdate
 *fill*         0x08001034        0x4 
 .text.MUSART_vInit
                0x08001038       0xec ./src/MCAL/UART/UART_prg.o
                0x08001038                MUSART_vInit
 .text.MUSART_vEnable
                0x08001124        0xa ./src/MCAL/UART/UART_prg.o
                0x08001124                MUSART_vEnable
 .text.MUSART_vTransmitByteSynch
                0x0800112e       0x1c ./src/MCAL/UART/UART_prg.o
                0x0800112e                MUSART_vTransmitByteSynch
 *fill*         0x0800114a        0x2 
 .text.USART1_IRQHandler
                0x0800114c       0x1c ./src/MCAL/UART/UART_prg.o
                0x0800114c                USART1_IRQHandler
 .text.USART2_IRQHandler
                0x08001168       0x1c ./src/MCAL/UART/UART_prg.o
                0x08001168                USART2_IRQHandler
 .text.USART6_IRQHandler
                0x08001184       0x1c ./src/MCAL/UART/UART_prg.o
                0x08001184                USART6_IRQHandler
 .text.MSTK_vInit
                0x080011a0       0x20 ./src/MCAL/SYSTICK/STK_prg.o
                0x080011a0                MSTK_vInit
 .text.MSTK_vStopTimer
                0x080011c0       0x10 ./src/MCAL/SYSTICK/STK_prg.o
                0x080011c0                MSTK_vStopTimer
 .text.SysTick_Handler
                0x080011d0       0x30 ./src/MCAL/SYSTICK/STK_prg.o
                0x080011d0                SysTick_Handler
 .text.MRCC_vInit
                0x08001200       0x64 ./src/MCAL/RCC/RCC_prg.o
                0x08001200                MRCC_vInit
 .text.MRCC_vEnableClock
                0x08001264       0x98 ./src/MCAL/RCC/RCC_prg.o
                0x08001264                MRCC_vEnableClock
 .text.MGPIO_vSetPinMode
                0x080012fc       0x7c ./src/MCAL/GPIO/GPIO_prg.o
                0x080012fc                MGPIO_vSetPinMode
 .text.MGPIO_vSetPinOutputType
                0x08001378       0x94 ./src/MCAL/GPIO/GPIO_prg.o
                0x08001378                MGPIO_vSetPinOutputType
 .text.MGPIO_vSetPinOutputSpeed
                0x0800140c       0x7c ./src/MCAL/GPIO/GPIO_prg.o
                0x0800140c                MGPIO_vSetPinOutputSpeed
 .text.MGPIO_vSetPinInputPull
                0x08001488       0x74 ./src/MCAL/GPIO/GPIO_prg.o
                0x08001488                MGPIO_vSetPinInputPull
 .text.MGPIO_u8GetPinValue
                0x080014fc       0x38 ./src/MCAL/GPIO/GPIO_prg.o
                0x080014fc                MGPIO_u8GetPinValue
 .text.MGPIO_vSetAlternativeFunction
                0x08001534       0xa0 ./src/MCAL/GPIO/GPIO_prg.o
                0x08001534                MGPIO_vSetAlternativeFunction
 .text.SystemClock_Config
                0x080015d4       0x98 ./src/_initialize_hardware.o
                0x080015d4                SystemClock_Config
 .text.__initialize_hardware
                0x0800166c       0x10 ./src/_initialize_hardware.o
                0x0800166c                __initialize_hardware
 .text.main     0x0800167c       0xc0 ./src/main.o
                0x0800167c                main
 .text.HAL_MspInit
                0x0800173c        0x2 ./src/stm32f4xx_hal_msp.o
                0x0800173c                HAL_MspInit
 *fill*         0x0800173e        0x2 
 .text          0x08001740       0x30 m:/18.iti-material-embedded-system-track-4-months/09.arm/arm_tool_sdk/imt_sdk_win_64/imt_sdk_win_64/winarm/armgcc/bin/../lib/gcc/arm-none-eabi/7.2.1/thumb/v7e-m\libgcc.a(_aeabi_uldivmod.o)
                0x08001740                __aeabi_uldivmod
 .text          0x08001770      0x2cc m:/18.iti-material-embedded-system-track-4-months/09.arm/arm_tool_sdk/imt_sdk_win_64/imt_sdk_win_64/winarm/armgcc/bin/../lib/gcc/arm-none-eabi/7.2.1/thumb/v7e-m\libgcc.a(_udivmoddi4.o)
                0x08001770                __udivmoddi4
 .text          0x08001a3c        0x4 m:/18.iti-material-embedded-system-track-4-months/09.arm/arm_tool_sdk/imt_sdk_win_64/imt_sdk_win_64/winarm/armgcc/bin/../lib/gcc/arm-none-eabi/7.2.1/thumb/v7e-m\libgcc.a(_dvmd_tls.o)
                0x08001a3c                __aeabi_idiv0
                0x08001a3c                __aeabi_ldiv0
 .text.__errno  0x08001a40        0xc m:/18.iti-material-embedded-system-track-4-months/09.arm/arm_tool_sdk/imt_sdk_win_64/imt_sdk_win_64/winarm/armgcc/bin/../lib/gcc/arm-none-eabi/7.2.1/../../../../arm-none-eabi/lib/thumb/v7e-m\libg_nano.a(lib_a-errno.o)
                0x08001a40                __errno
 .text          0x08001a4c       0x10 m:/18.iti-material-embedded-system-track-4-months/09.arm/arm_tool_sdk/imt_sdk_win_64/imt_sdk_win_64/winarm/armgcc/bin/../lib/gcc/arm-none-eabi/7.2.1/../../../../arm-none-eabi/lib/thumb/v7e-m\libg_nano.a(lib_a-strlen.o)
                0x08001a4c                strlen
 .text._vsnprintf_r
                0x08001a5c       0x58 m:/18.iti-material-embedded-system-track-4-months/09.arm/arm_tool_sdk/imt_sdk_win_64/imt_sdk_win_64/winarm/armgcc/bin/../lib/gcc/arm-none-eabi/7.2.1/../../../../arm-none-eabi/lib/thumb/v7e-m\libg_nano.a(lib_a-vsnprintf.o)
                0x08001a5c                _vsniprintf_r
                0x08001a5c                _vsnprintf_r
 .text.vsnprintf
                0x08001ab4       0x1c m:/18.iti-material-embedded-system-track-4-months/09.arm/arm_tool_sdk/imt_sdk_win_64/imt_sdk_win_64/winarm/armgcc/bin/../lib/gcc/arm-none-eabi/7.2.1/../../../../arm-none-eabi/lib/thumb/v7e-m\libg_nano.a(lib_a-vsnprintf.o)
                0x08001ab4                vsniprintf
                0x08001ab4                vsnprintf
 .text.__ssputs_r
                0x08001ad0       0xb4 m:/18.iti-material-embedded-system-track-4-months/09.arm/arm_tool_sdk/imt_sdk_win_64/imt_sdk_win_64/winarm/armgcc/bin/../lib/gcc/arm-none-eabi/7.2.1/../../../../arm-none-eabi/lib/thumb/v7e-m\libg_nano.a(lib_a-nano-svfprintf.o)
                0x08001ad0                __ssputs_r
 .text._svfprintf_r
                0x08001b84      0x1ec m:/18.iti-material-embedded-system-track-4-months/09.arm/arm_tool_sdk/imt_sdk_win_64/imt_sdk_win_64/winarm/armgcc/bin/../lib/gcc/arm-none-eabi/7.2.1/../../../../arm-none-eabi/lib/thumb/v7e-m\libg_nano.a(lib_a-nano-svfprintf.o)
                0x08001b84                _svfiprintf_r
                0x08001b84                _svfprintf_r
 .text._printf_common
                0x08001d70       0xea m:/18.iti-material-embedded-system-track-4-months/09.arm/arm_tool_sdk/imt_sdk_win_64/imt_sdk_win_64/winarm/armgcc/bin/../lib/gcc/arm-none-eabi/7.2.1/../../../../arm-none-eabi/lib/thumb/v7e-m\libg_nano.a(lib_a-nano-vfprintf_i.o)
                0x08001d70                _printf_common
 *fill*         0x08001e5a        0x2 
 .text._printf_i
                0x08001e5c      0x224 m:/18.iti-material-embedded-system-track-4-months/09.arm/arm_tool_sdk/imt_sdk_win_64/imt_sdk_win_64/winarm/armgcc/bin/../lib/gcc/arm-none-eabi/7.2.1/../../../../arm-none-eabi/lib/thumb/v7e-m\libg_nano.a(lib_a-nano-vfprintf_i.o)
                0x08001e5c                _printf_i
 .text          0x08002080       0xa0 m:/18.iti-material-embedded-system-track-4-months/09.arm/arm_tool_sdk/imt_sdk_win_64/imt_sdk_win_64/winarm/armgcc/bin/../lib/gcc/arm-none-eabi/7.2.1/../../../../arm-none-eabi/lib/thumb/v7e-m\libg_nano.a(lib_a-memchr.o)
                0x08002080                memchr
 .text.memcpy   0x08002120       0x16 m:/18.iti-material-embedded-system-track-4-months/09.arm/arm_tool_sdk/imt_sdk_win_64/imt_sdk_win_64/winarm/armgcc/bin/../lib/gcc/arm-none-eabi/7.2.1/../../../../arm-none-eabi/lib/thumb/v7e-m\libg_nano.a(lib_a-memcpy-stub.o)
                0x08002120                memcpy
 .text.memmove  0x08002136       0x32 m:/18.iti-material-embedded-system-track-4-months/09.arm/arm_tool_sdk/imt_sdk_win_64/imt_sdk_win_64/winarm/armgcc/bin/../lib/gcc/arm-none-eabi/7.2.1/../../../../arm-none-eabi/lib/thumb/v7e-m\libg_nano.a(lib_a-memmove.o)
                0x08002136                memmove
 .text._free_r  0x08002168       0x9c m:/18.iti-material-embedded-system-track-4-months/09.arm/arm_tool_sdk/imt_sdk_win_64/imt_sdk_win_64/winarm/armgcc/bin/../lib/gcc/arm-none-eabi/7.2.1/../../../../arm-none-eabi/lib/thumb/v7e-m\libg_nano.a(lib_a-nano-freer.o)
                0x08002168                _free_r
 .text._malloc_r
                0x08002204       0xb4 m:/18.iti-material-embedded-system-track-4-months/09.arm/arm_tool_sdk/imt_sdk_win_64/imt_sdk_win_64/winarm/armgcc/bin/../lib/gcc/arm-none-eabi/7.2.1/../../../../arm-none-eabi/lib/thumb/v7e-m\libg_nano.a(lib_a-nano-mallocr.o)
                0x08002204                _malloc_r
 .text._realloc_r
                0x080022b8       0x4c m:/18.iti-material-embedded-system-track-4-months/09.arm/arm_tool_sdk/imt_sdk_win_64/imt_sdk_win_64/winarm/armgcc/bin/../lib/gcc/arm-none-eabi/7.2.1/../../../../arm-none-eabi/lib/thumb/v7e-m\libg_nano.a(lib_a-nano-reallocr.o)
                0x080022b8                _realloc_r
 .text._sbrk_r  0x08002304       0x20 m:/18.iti-material-embedded-system-track-4-months/09.arm/arm_tool_sdk/imt_sdk_win_64/imt_sdk_win_64/winarm/armgcc/bin/../lib/gcc/arm-none-eabi/7.2.1/../../../../arm-none-eabi/lib/thumb/v7e-m\libg_nano.a(lib_a-sbrkr.o)
                0x08002304                _sbrk_r
 .text.__malloc_lock
                0x08002324        0x2 m:/18.iti-material-embedded-system-track-4-months/09.arm/arm_tool_sdk/imt_sdk_win_64/imt_sdk_win_64/winarm/armgcc/bin/../lib/gcc/arm-none-eabi/7.2.1/../../../../arm-none-eabi/lib/thumb/v7e-m\libg_nano.a(lib_a-mlock.o)
                0x08002324                __malloc_lock
 .text.__malloc_unlock
                0x08002326        0x2 m:/18.iti-material-embedded-system-track-4-months/09.arm/arm_tool_sdk/imt_sdk_win_64/imt_sdk_win_64/winarm/armgcc/bin/../lib/gcc/arm-none-eabi/7.2.1/../../../../arm-none-eabi/lib/thumb/v7e-m\libg_nano.a(lib_a-mlock.o)
                0x08002326                __malloc_unlock
 .text._malloc_usable_size_r
                0x08002328       0x10 m:/18.iti-material-embedded-system-track-4-months/09.arm/arm_tool_sdk/imt_sdk_win_64/imt_sdk_win_64/winarm/armgcc/bin/../lib/gcc/arm-none-eabi/7.2.1/../../../../arm-none-eabi/lib/thumb/v7e-m\libg_nano.a(lib_a-nano-msizer.o)
                0x08002328                _malloc_usable_size_r
 *(.rodata .rodata.* .constdata .constdata.*)
 .rodata.HAL_NVIC_SetPriorityGrouping.str1.4
                0x08002338       0x31 ./system/src/stm32f4-hal/stm32f4xx_hal_cortex.o
 *fill*         0x08002369        0x3 
 .rodata.APBAHBPrescTable
                0x0800236c       0x10 ./system/src/stm32f4-hal/stm32f4xx_hal_rcc.o
                0x0800236c                APBAHBPrescTable
 .rodata.HAL_RCC_OscConfig.str1.4
                0x0800237c       0x2e ./system/src/stm32f4-hal/stm32f4xx_hal_rcc.o
 *fill*         0x080023aa        0x2 
 .rodata.abort.str1.4
                0x080023ac       0x14 ./system/src/newlib/_exit.o
 .rodata.assert_failed.str1.4
                0x080023c0       0x2b ./system/src/newlib/assert.o
 .rodata.trace_puts.str1.4
                0x080023eb       0x2b ./system/src/diag/Trace.o
                                  0x2 (size before relaxing)
 *fill*         0x080023eb        0x1 
 .rodata.dumpExceptionStack.str1.4
                0x080023ec      0x11a ./system/src/cortexm/exception_handlers.o
 *fill*         0x08002506        0x2 
 .rodata.str1.4
                0x08002508       0x2c ./system/src/cortexm/exception_handlers.o
                                 0x2a (size before relaxing)
 .rodata.AHBPrescTable
                0x08002534       0x10 ./system/src/cmsis/system_stm32f4xx.o
                0x08002534                AHBPrescTable
 .rodata._svfprintf_r.str1.1
                0x08002544       0x11 m:/18.iti-material-embedded-system-track-4-months/09.arm/arm_tool_sdk/imt_sdk_win_64/imt_sdk_win_64/winarm/armgcc/bin/../lib/gcc/arm-none-eabi/7.2.1/../../../../arm-none-eabi/lib/thumb/v7e-m\libg_nano.a(lib_a-nano-svfprintf.o)
 .rodata._printf_i.str1.1
                0x08002555       0x22 m:/18.iti-material-embedded-system-track-4-months/09.arm/arm_tool_sdk/imt_sdk_win_64/imt_sdk_win_64/winarm/armgcc/bin/../lib/gcc/arm-none-eabi/7.2.1/../../../../arm-none-eabi/lib/thumb/v7e-m\libg_nano.a(lib_a-nano-vfprintf_i.o)
 *(vtable)
 *(.eh_frame*)
 *(.glue_7)
 .glue_7        0x08002577        0x0 linker stubs
 *(.glue_7t)
 .glue_7t       0x08002577        0x0 linker stubs

.vfp11_veneer   0x08002578        0x0
 .vfp11_veneer  0x08002578        0x0 linker stubs

.v4_bx          0x08002578        0x0
 .v4_bx         0x08002578        0x0 linker stubs

.iplt           0x08002578        0x0
 .iplt          0x08002578        0x0 ./system/src/stm32f4-hal/stm32f4xx_hal.o

.ARM.extab
 *(.ARM.extab* .gnu.linkonce.armextab.*)
                0x08002578                . = ALIGN (0x4)
                0x08002578                __exidx_start = .

.ARM.exidx      0x08002578        0x8
 *(.ARM.exidx* .gnu.linkonce.armexidx.*)
 .ARM.exidx     0x08002578        0x8 m:/18.iti-material-embedded-system-track-4-months/09.arm/arm_tool_sdk/imt_sdk_win_64/imt_sdk_win_64/winarm/armgcc/bin/../lib/gcc/arm-none-eabi/7.2.1/thumb/v7e-m\libgcc.a(_udivmoddi4.o)
                0x08002580                __exidx_end = .

.rel.dyn        0x08002580        0x0
 .rel.iplt      0x08002580        0x0 ./system/src/stm32f4-hal/stm32f4xx_hal.o
                0x08002580                . = ALIGN (0x4)
                0x08002580                _etext = .
                0x08002580                __etext = .

.data_CCMRAM    0x10000000        0x0 load address 0x08002580
 FILL mask 0xff
 *(.data.CCMRAM .data.CCMRAM.*)
                0x10000000                . = ALIGN (0x4)
                0x08002580                _sidata = LOADADDR (.data)

.data           0x20000000       0x88 load address 0x08002580
 FILL mask 0xff
                0x20000000                _sdata = .
                0x20000000                __data_start__ = .
 *(.data_begin .data_begin.*)
 .data_begin    0x20000000        0x4 ./system/src/newlib/_startup.o
 *(.data .data.*)
 .data.argv.4310
                0x20000004        0x8 ./system/src/newlib/_syscalls.o
 .data.SystemCoreClock
                0x2000000c        0x4 ./system/src/cmsis/system_stm32f4xx.o
                0x2000000c                SystemCoreClock
 .data.uart2_cfg
                0x20000010       0x10 ./src/MCAL/UART/UART_cfg.o
                0x20000010                uart2_cfg
 .data._impure_ptr
                0x20000020        0x4 m:/18.iti-material-embedded-system-track-4-months/09.arm/arm_tool_sdk/imt_sdk_win_64/imt_sdk_win_64/winarm/armgcc/bin/../lib/gcc/arm-none-eabi/7.2.1/../../../../arm-none-eabi/lib/thumb/v7e-m\libg_nano.a(lib_a-impure.o)
                0x20000020                _impure_ptr
 .data.impure_data
                0x20000024       0x60 m:/18.iti-material-embedded-system-track-4-months/09.arm/arm_tool_sdk/imt_sdk_win_64/imt_sdk_win_64/winarm/armgcc/bin/../lib/gcc/arm-none-eabi/7.2.1/../../../../arm-none-eabi/lib/thumb/v7e-m\libg_nano.a(lib_a-impure.o)
 *(.data_end .data_end.*)
 .data_end      0x20000084        0x4 ./system/src/newlib/_startup.o
                0x20000088                . = ALIGN (0x4)
                0x20000088                _edata = .
                0x20000088                __data_end__ = .

.igot.plt       0x20000088        0x0 load address 0x08002608
 .igot.plt      0x20000088        0x0 ./system/src/stm32f4-hal/stm32f4xx_hal.o

.bss_CCMRAM     0x10000000        0x0
 *(.bss.CCMRAM .bss.CCMRAM.*)

.bss            0x20000088       0xb4
                0x20000088                __bss_start__ = .
                0x20000088                _sbss = .
 *(.bss_begin .bss_begin.*)
 .bss_begin     0x20000088        0x4 ./system/src/newlib/_startup.o
 *(.bss .bss.*)
 .bss.current_heap_end.3961
                0x2000008c        0x4 ./system/src/newlib/_sbrk.o
 .bss.name.4309
                0x20000090        0x1 ./system/src/newlib/_syscalls.o
 *fill*         0x20000091        0x3 
 .bss.buf.5205  0x20000094       0x80 ./system/src/diag/Trace.o
 .bss.G_vCallBack
                0x20000114        0x4 ./src/MCAL/SYSTICK/STK_prg.o
                0x20000114                G_vCallBack
 .bss.__malloc_free_list
                0x20000118        0x4 m:/18.iti-material-embedded-system-track-4-months/09.arm/arm_tool_sdk/imt_sdk_win_64/imt_sdk_win_64/winarm/armgcc/bin/../lib/gcc/arm-none-eabi/7.2.1/../../../../arm-none-eabi/lib/thumb/v7e-m\libg_nano.a(lib_a-nano-mallocr.o)
                0x20000118                __malloc_free_list
 .bss.__malloc_sbrk_start
                0x2000011c        0x4 m:/18.iti-material-embedded-system-track-4-months/09.arm/arm_tool_sdk/imt_sdk_win_64/imt_sdk_win_64/winarm/armgcc/bin/../lib/gcc/arm-none-eabi/7.2.1/../../../../arm-none-eabi/lib/thumb/v7e-m\libg_nano.a(lib_a-nano-mallocr.o)
                0x2000011c                __malloc_sbrk_start
 *(COMMON)
 COMMON         0x20000120        0x4 ./system/src/stm32f4-hal/stm32f4xx_hal.o
                0x20000120                uwTick
 COMMON         0x20000124        0x4 ./system/src/newlib/_syscalls.o
                0x20000124                errno
 COMMON         0x20000128        0xc ./src/MCAL/UART/UART_prg.o
                0x20000128                MUSART2_CallBack
                0x2000012c                MUSART6_CallBack
                0x20000130                MUSART1_CallBack
 COMMON         0x20000134        0x1 ./src/MCAL/SYSTICK/STK_prg.o
                0x20000134                G_u8Flag
 *(.bss_end .bss_end.*)
 *fill*         0x20000135        0x3 
 .bss_end       0x20000138        0x4 ./system/src/newlib/_startup.o
                0x2000013c                . = ALIGN (0x4)
                0x2000013c                __bss_end__ = .
                0x2000013c                _ebss = .

.noinit_CCMRAM
 *(.noinit.CCMRAM .noinit.CCMRAM.*)

.noinit         0x2000013c        0x0
                0x2000013c                _noinit = .
 *(.noinit .noinit.*)
                0x2000013c                . = ALIGN (0x4)
                0x2000013c                _end_noinit = .
                [!provide]                PROVIDE (end, _end_noinit)
                [!provide]                PROVIDE (_end, _end_noinit)
                [!provide]                PROVIDE (__end, _end_noinit)
                [!provide]                PROVIDE (__end__, _end_noinit)

._check_stack   0x2000013c      0x100
                0x2000023c                . = (. + _Minimum_Stack_Size)
 *fill*         0x2000013c      0x100 

.b1text
 *(.b1text)
 *(.b1rodata)
 *(.b1rodata.*)

.eb0text
 *(.eb0text)
 *(.eb0rodata)
 *(.eb0rodata.*)

.eb1text
 *(.eb1text)
 *(.eb1rodata)
 *(.eb1rodata.*)

.eb2text
 *(.eb2text)
 *(.eb2rodata)
 *(.eb2rodata.*)

.eb3text
 *(.eb3text)
 *(.eb3rodata)
 *(.eb3rodata.*)

.stab
 *(.stab)

.stabstr
 *(.stabstr)

.stab.excl
 *(.stab.excl)

.stab.exclstr
 *(.stab.exclstr)

.stab.index
 *(.stab.index)

.stab.indexstr
 *(.stab.indexstr)

.comment        0x00000000       0x7e
 *(.comment)
 .comment       0x00000000       0x7e ./system/src/stm32f4-hal/stm32f4xx_hal.o
                                 0x7f (size before relaxing)
 .comment       0x0000007e       0x7f ./system/src/stm32f4-hal/stm32f4xx_hal_cortex.o
 .comment       0x0000007e       0x7f ./system/src/stm32f4-hal/stm32f4xx_hal_rcc.o
 .comment       0x0000007e       0x7f ./system/src/newlib/_exit.o
 .comment       0x0000007e       0x7f ./system/src/newlib/_sbrk.o
 .comment       0x0000007e       0x7f ./system/src/newlib/_startup.o
 .comment       0x0000007e       0x7f ./system/src/newlib/_syscalls.o
 .comment       0x0000007e       0x7f ./system/src/newlib/assert.o
 .comment       0x0000007e       0x7f ./system/src/diag/Trace.o
 .comment       0x0000007e       0x7f ./system/src/diag/trace_impl.o
 .comment       0x0000007e       0x7f ./system/src/cortexm/_initialize_hardware.o
 .comment       0x0000007e       0x7f ./system/src/cortexm/exception_handlers.o
 .comment       0x0000007e       0x7f ./system/src/cmsis/system_stm32f4xx.o
 .comment       0x0000007e       0x7f ./system/src/cmsis/vectors_stm32f401xc.o
 .comment       0x0000007e       0x7f ./src/MCAL/UART/UART_cfg.o
 .comment       0x0000007e       0x7f ./src/MCAL/UART/UART_prg.o
 .comment       0x0000007e       0x7f ./src/MCAL/SYSTICK/STK_prg.o
 .comment       0x0000007e       0x7f ./src/MCAL/RCC/RCC_prg.o
 .comment       0x0000007e       0x7f ./src/MCAL/GPIO/GPIO_prg.o
 .comment       0x0000007e       0x7f ./src/_initialize_hardware.o
 .comment       0x0000007e       0x7f ./src/main.o
 .comment       0x0000007e       0x7f ./src/stm32f4xx_hal_msp.o

.ARM.attributes
                0x00000000       0x31
 .ARM.attributes
                0x00000000       0x33 ./system/src/stm32f4-hal/stm32f4xx_hal.o
 .ARM.attributes
                0x00000033       0x33 ./system/src/stm32f4-hal/stm32f4xx_hal_cortex.o
 .ARM.attributes
                0x00000066       0x33 ./system/src/stm32f4-hal/stm32f4xx_hal_rcc.o
 .ARM.attributes
                0x00000099       0x33 ./system/src/newlib/_exit.o
 .ARM.attributes
                0x000000cc       0x33 ./system/src/newlib/_sbrk.o
 .ARM.attributes
                0x000000ff       0x33 ./system/src/newlib/_startup.o
 .ARM.attributes
                0x00000132       0x33 ./system/src/newlib/_syscalls.o
 .ARM.attributes
                0x00000165       0x33 ./system/src/newlib/assert.o
 .ARM.attributes
                0x00000198       0x33 ./system/src/diag/Trace.o
 .ARM.attributes
                0x000001cb       0x33 ./system/src/diag/trace_impl.o
 .ARM.attributes
                0x000001fe       0x33 ./system/src/cortexm/_initialize_hardware.o
 .ARM.attributes
                0x00000231       0x33 ./system/src/cortexm/exception_handlers.o
 .ARM.attributes
                0x00000264       0x33 ./system/src/cmsis/system_stm32f4xx.o
 .ARM.attributes
                0x00000297       0x33 ./system/src/cmsis/vectors_stm32f401xc.o
 .ARM.attributes
                0x000002ca       0x33 ./src/MCAL/UART/UART_cfg.o
 .ARM.attributes
                0x000002fd       0x33 ./src/MCAL/UART/UART_prg.o
 .ARM.attributes
                0x00000330       0x33 ./src/MCAL/SYSTICK/STK_prg.o
 .ARM.attributes
                0x00000363       0x33 ./src/MCAL/RCC/RCC_prg.o
 .ARM.attributes
                0x00000396       0x33 ./src/MCAL/GPIO/GPIO_prg.o
 .ARM.attributes
                0x000003c9       0x33 ./src/_initialize_hardware.o
 .ARM.attributes
                0x000003fc       0x33 ./src/main.o
 .ARM.attributes
                0x0000042f       0x33 ./src/stm32f4xx_hal_msp.o
 .ARM.attributes
                0x00000462       0x1e m:/18.iti-material-embedded-system-track-4-months/09.arm/arm_tool_sdk/imt_sdk_win_64/imt_sdk_win_64/winarm/armgcc/bin/../lib/gcc/arm-none-eabi/7.2.1/thumb/v7e-m\libgcc.a(_aeabi_uldivmod.o)
 .ARM.attributes
                0x00000480       0x2e m:/18.iti-material-embedded-system-track-4-months/09.arm/arm_tool_sdk/imt_sdk_win_64/imt_sdk_win_64/winarm/armgcc/bin/../lib/gcc/arm-none-eabi/7.2.1/thumb/v7e-m\libgcc.a(_udivmoddi4.o)
 .ARM.attributes
                0x000004ae       0x1e m:/18.iti-material-embedded-system-track-4-months/09.arm/arm_tool_sdk/imt_sdk_win_64/imt_sdk_win_64/winarm/armgcc/bin/../lib/gcc/arm-none-eabi/7.2.1/thumb/v7e-m\libgcc.a(_dvmd_tls.o)
 .ARM.attributes
                0x000004cc       0x2e m:/18.iti-material-embedded-system-track-4-months/09.arm/arm_tool_sdk/imt_sdk_win_64/imt_sdk_win_64/winarm/armgcc/bin/../lib/gcc/arm-none-eabi/7.2.1/../../../../arm-none-eabi/lib/thumb/v7e-m\libg_nano.a(lib_a-errno.o)
 .ARM.attributes
                0x000004fa       0x2e m:/18.iti-material-embedded-system-track-4-months/09.arm/arm_tool_sdk/imt_sdk_win_64/imt_sdk_win_64/winarm/armgcc/bin/../lib/gcc/arm-none-eabi/7.2.1/../../../../arm-none-eabi/lib/thumb/v7e-m\libg_nano.a(lib_a-impure.o)
 .ARM.attributes
                0x00000528       0x17 m:/18.iti-material-embedded-system-track-4-months/09.arm/arm_tool_sdk/imt_sdk_win_64/imt_sdk_win_64/winarm/armgcc/bin/../lib/gcc/arm-none-eabi/7.2.1/../../../../arm-none-eabi/lib/thumb/v7e-m\libg_nano.a(lib_a-strlen.o)
 .ARM.attributes
                0x0000053f       0x2e m:/18.iti-material-embedded-system-track-4-months/09.arm/arm_tool_sdk/imt_sdk_win_64/imt_sdk_win_64/winarm/armgcc/bin/../lib/gcc/arm-none-eabi/7.2.1/../../../../arm-none-eabi/lib/thumb/v7e-m\libg_nano.a(lib_a-vsnprintf.o)
 .ARM.attributes
                0x0000056d       0x2e m:/18.iti-material-embedded-system-track-4-months/09.arm/arm_tool_sdk/imt_sdk_win_64/imt_sdk_win_64/winarm/armgcc/bin/../lib/gcc/arm-none-eabi/7.2.1/../../../../arm-none-eabi/lib/thumb/v7e-m\libg_nano.a(lib_a-nano-svfprintf.o)
 .ARM.attributes
                0x0000059b       0x2e m:/18.iti-material-embedded-system-track-4-months/09.arm/arm_tool_sdk/imt_sdk_win_64/imt_sdk_win_64/winarm/armgcc/bin/../lib/gcc/arm-none-eabi/7.2.1/../../../../arm-none-eabi/lib/thumb/v7e-m\libg_nano.a(lib_a-nano-vfprintf_i.o)
 .ARM.attributes
                0x000005c9       0x1c m:/18.iti-material-embedded-system-track-4-months/09.arm/arm_tool_sdk/imt_sdk_win_64/imt_sdk_win_64/winarm/armgcc/bin/../lib/gcc/arm-none-eabi/7.2.1/../../../../arm-none-eabi/lib/thumb/v7e-m\libg_nano.a(lib_a-memchr.o)
 .ARM.attributes
                0x000005e5       0x2e m:/18.iti-material-embedded-system-track-4-months/09.arm/arm_tool_sdk/imt_sdk_win_64/imt_sdk_win_64/winarm/armgcc/bin/../lib/gcc/arm-none-eabi/7.2.1/../../../../arm-none-eabi/lib/thumb/v7e-m\libg_nano.a(lib_a-memcpy-stub.o)
 .ARM.attributes
                0x00000613       0x2e m:/18.iti-material-embedded-system-track-4-months/09.arm/arm_tool_sdk/imt_sdk_win_64/imt_sdk_win_64/winarm/armgcc/bin/../lib/gcc/arm-none-eabi/7.2.1/../../../../arm-none-eabi/lib/thumb/v7e-m\libg_nano.a(lib_a-memmove.o)
 .ARM.attributes
                0x00000641       0x2e m:/18.iti-material-embedded-system-track-4-months/09.arm/arm_tool_sdk/imt_sdk_win_64/imt_sdk_win_64/winarm/armgcc/bin/../lib/gcc/arm-none-eabi/7.2.1/../../../../arm-none-eabi/lib/thumb/v7e-m\libg_nano.a(lib_a-nano-freer.o)
 .ARM.attributes
                0x0000066f       0x2e m:/18.iti-material-embedded-system-track-4-months/09.arm/arm_tool_sdk/imt_sdk_win_64/imt_sdk_win_64/winarm/armgcc/bin/../lib/gcc/arm-none-eabi/7.2.1/../../../../arm-none-eabi/lib/thumb/v7e-m\libg_nano.a(lib_a-nano-mallocr.o)
 .ARM.attributes
                0x0000069d       0x2e m:/18.iti-material-embedded-system-track-4-months/09.arm/arm_tool_sdk/imt_sdk_win_64/imt_sdk_win_64/winarm/armgcc/bin/../lib/gcc/arm-none-eabi/7.2.1/../../../../arm-none-eabi/lib/thumb/v7e-m\libg_nano.a(lib_a-nano-reallocr.o)
 .ARM.attributes
                0x000006cb       0x2e m:/18.iti-material-embedded-system-track-4-months/09.arm/arm_tool_sdk/imt_sdk_win_64/imt_sdk_win_64/winarm/armgcc/bin/../lib/gcc/arm-none-eabi/7.2.1/../../../../arm-none-eabi/lib/thumb/v7e-m\libg_nano.a(lib_a-sbrkr.o)
 .ARM.attributes
                0x000006f9       0x2e m:/18.iti-material-embedded-system-track-4-months/09.arm/arm_tool_sdk/imt_sdk_win_64/imt_sdk_win_64/winarm/armgcc/bin/../lib/gcc/arm-none-eabi/7.2.1/../../../../arm-none-eabi/lib/thumb/v7e-m\libg_nano.a(lib_a-mlock.o)
 .ARM.attributes
                0x00000727       0x2e m:/18.iti-material-embedded-system-track-4-months/09.arm/arm_tool_sdk/imt_sdk_win_64/imt_sdk_win_64/winarm/armgcc/bin/../lib/gcc/arm-none-eabi/7.2.1/../../../../arm-none-eabi/lib/thumb/v7e-m\libg_nano.a(lib_a-nano-msizer.o)

.debug
 *(.debug)

.line
 *(.line)

.debug_srcinfo
 *(.debug_srcinfo)

.debug_sfnames
 *(.debug_sfnames)

.debug_aranges  0x00000000      0x660
 *(.debug_aranges)
 .debug_aranges
                0x00000000       0xc0 ./system/src/stm32f4-hal/stm32f4xx_hal.o
 .debug_aranges
                0x000000c0       0x98 ./system/src/stm32f4-hal/stm32f4xx_hal_cortex.o
 .debug_aranges
                0x00000158       0x88 ./system/src/stm32f4-hal/stm32f4xx_hal_rcc.o
 .debug_aranges
                0x000001e0       0x28 ./system/src/newlib/_exit.o
 .debug_aranges
                0x00000208       0x20 ./system/src/newlib/_sbrk.o
 .debug_aranges
                0x00000228       0x40 ./system/src/newlib/_startup.o
 .debug_aranges
                0x00000268       0x30 ./system/src/newlib/_syscalls.o
 .debug_aranges
                0x00000298       0x28 ./system/src/newlib/assert.o
 .debug_aranges
                0x000002c0       0x38 ./system/src/diag/Trace.o
 .debug_aranges
                0x000002f8       0x30 ./system/src/diag/trace_impl.o
 .debug_aranges
                0x00000328       0x28 ./system/src/cortexm/_initialize_hardware.o
 .debug_aranges
                0x00000350       0x90 ./system/src/cortexm/exception_handlers.o
 .debug_aranges
                0x000003e0       0x28 ./system/src/cmsis/system_stm32f4xx.o
 .debug_aranges
                0x00000408       0x20 ./system/src/cmsis/vectors_stm32f401xc.o
 .debug_aranges
                0x00000428       0x18 ./src/MCAL/UART/UART_cfg.o
 .debug_aranges
                0x00000440       0xb0 ./src/MCAL/UART/UART_prg.o
 .debug_aranges
                0x000004f0       0x60 ./src/MCAL/SYSTICK/STK_prg.o
 .debug_aranges
                0x00000550       0x30 ./src/MCAL/RCC/RCC_prg.o
 .debug_aranges
                0x00000580       0x60 ./src/MCAL/GPIO/GPIO_prg.o
 .debug_aranges
                0x000005e0       0x28 ./src/_initialize_hardware.o
 .debug_aranges
                0x00000608       0x20 ./src/main.o
 .debug_aranges
                0x00000628       0x38 ./src/stm32f4xx_hal_msp.o

.debug_pubnames
 *(.debug_pubnames)

.debug_info     0x00000000     0xd646
 *(.debug_info .gnu.linkonce.wi.*)
 .debug_info    0x00000000     0x107e ./system/src/stm32f4-hal/stm32f4xx_hal.o
 .debug_info    0x0000107e     0x1863 ./system/src/stm32f4-hal/stm32f4xx_hal_cortex.o
 .debug_info    0x000028e1     0x177e ./system/src/stm32f4-hal/stm32f4xx_hal_rcc.o
 .debug_info    0x0000405f      0x956 ./system/src/newlib/_exit.o
 .debug_info    0x000049b5      0x942 ./system/src/newlib/_sbrk.o
 .debug_info    0x000052f7      0x4bf ./system/src/newlib/_startup.o
 .debug_info    0x000057b6      0xa19 ./system/src/newlib/_syscalls.o
 .debug_info    0x000061cf      0x9ff ./system/src/newlib/assert.o
 .debug_info    0x00006bce      0xb2a ./system/src/diag/Trace.o
 .debug_info    0x000076f8      0xb6b ./system/src/diag/trace_impl.o
 .debug_info    0x00008263      0xade ./system/src/cortexm/_initialize_hardware.o
 .debug_info    0x00008d41     0x115a ./system/src/cortexm/exception_handlers.o
 .debug_info    0x00009e9b      0xcfe ./system/src/cmsis/system_stm32f4xx.o
 .debug_info    0x0000ab99       0xca ./system/src/cmsis/vectors_stm32f401xc.o
 .debug_info    0x0000ac63      0x119 ./src/MCAL/UART/UART_cfg.o
 .debug_info    0x0000ad7c      0x542 ./src/MCAL/UART/UART_prg.o
 .debug_info    0x0000b2be      0x22f ./src/MCAL/SYSTICK/STK_prg.o
 .debug_info    0x0000b4ed      0x316 ./src/MCAL/RCC/RCC_prg.o
 .debug_info    0x0000b803      0x3df ./src/MCAL/GPIO/GPIO_prg.o
 .debug_info    0x0000bbe2      0xd34 ./src/_initialize_hardware.o
 .debug_info    0x0000c916      0x421 ./src/main.o
 .debug_info    0x0000cd37      0x90f ./src/stm32f4xx_hal_msp.o

.debug_abbrev   0x00000000     0x2b2a
 *(.debug_abbrev)
 .debug_abbrev  0x00000000      0x32b ./system/src/stm32f4-hal/stm32f4xx_hal.o
 .debug_abbrev  0x0000032b      0x3f1 ./system/src/stm32f4-hal/stm32f4xx_hal_cortex.o
 .debug_abbrev  0x0000071c      0x394 ./system/src/stm32f4-hal/stm32f4xx_hal_rcc.o
 .debug_abbrev  0x00000ab0      0x1f3 ./system/src/newlib/_exit.o
 .debug_abbrev  0x00000ca3      0x1fc ./system/src/newlib/_sbrk.o
 .debug_abbrev  0x00000e9f      0x1cb ./system/src/newlib/_startup.o
 .debug_abbrev  0x0000106a      0x234 ./system/src/newlib/_syscalls.o
 .debug_abbrev  0x0000129e      0x1f3 ./system/src/newlib/assert.o
 .debug_abbrev  0x00001491      0x276 ./system/src/diag/Trace.o
 .debug_abbrev  0x00001707      0x2ef ./system/src/diag/trace_impl.o
 .debug_abbrev  0x000019f6      0x1de ./system/src/cortexm/_initialize_hardware.o
 .debug_abbrev  0x00001bd4      0x32b ./system/src/cortexm/exception_handlers.o
 .debug_abbrev  0x00001eff      0x216 ./system/src/cmsis/system_stm32f4xx.o
 .debug_abbrev  0x00002115       0x9d ./system/src/cmsis/vectors_stm32f401xc.o
 .debug_abbrev  0x000021b2       0x65 ./src/MCAL/UART/UART_cfg.o
 .debug_abbrev  0x00002217      0x168 ./src/MCAL/UART/UART_prg.o
 .debug_abbrev  0x0000237f      0x11c ./src/MCAL/SYSTICK/STK_prg.o
 .debug_abbrev  0x0000249b       0xd1 ./src/MCAL/RCC/RCC_prg.o
 .debug_abbrev  0x0000256c       0xde ./src/MCAL/GPIO/GPIO_prg.o
 .debug_abbrev  0x0000264a      0x22d ./src/_initialize_hardware.o
 .debug_abbrev  0x00002877      0x102 ./src/main.o
 .debug_abbrev  0x00002979      0x1b1 ./src/stm32f4xx_hal_msp.o

.debug_line     0x00000000     0x91ff
 *(.debug_line)
 .debug_line    0x00000000      0xc7c ./system/src/stm32f4-hal/stm32f4xx_hal.o
 .debug_line    0x00000c7c      0xd73 ./system/src/stm32f4-hal/stm32f4xx_hal_cortex.o
 .debug_line    0x000019ef      0xefe ./system/src/stm32f4-hal/stm32f4xx_hal_rcc.o
 .debug_line    0x000028ed      0x43f ./system/src/newlib/_exit.o
 .debug_line    0x00002d2c      0x3f3 ./system/src/newlib/_sbrk.o
 .debug_line    0x0000311f      0x4bb ./system/src/newlib/_startup.o
 .debug_line    0x000035da      0x545 ./system/src/newlib/_syscalls.o
 .debug_line    0x00003b1f      0x47a ./system/src/newlib/assert.o
 .debug_line    0x00003f99      0x4bb ./system/src/diag/Trace.o
 .debug_line    0x00004454      0xbaf ./system/src/diag/trace_impl.o
 .debug_line    0x00005003      0xb18 ./system/src/cortexm/_initialize_hardware.o
 .debug_line    0x00005b1b      0xc66 ./system/src/cortexm/exception_handlers.o
 .debug_line    0x00006781      0xb1e ./system/src/cmsis/system_stm32f4xx.o
 .debug_line    0x0000729f      0x13e ./system/src/cmsis/vectors_stm32f401xc.o
 .debug_line    0x000073dd       0x90 ./src/MCAL/UART/UART_cfg.o
 .debug_line    0x0000746d      0x23d ./src/MCAL/UART/UART_prg.o
 .debug_line    0x000076aa      0x157 ./src/MCAL/SYSTICK/STK_prg.o
 .debug_line    0x00007801      0x100 ./src/MCAL/RCC/RCC_prg.o
 .debug_line    0x00007901      0x1c1 ./src/MCAL/GPIO/GPIO_prg.o
 .debug_line    0x00007ac2      0xb11 ./src/_initialize_hardware.o
 .debug_line    0x000085d3      0x11a ./src/main.o
 .debug_line    0x000086ed      0xb12 ./src/stm32f4xx_hal_msp.o

.debug_frame    0x00000000      0xfd8
 *(.debug_frame)
 .debug_frame   0x00000000      0x188 ./system/src/stm32f4-hal/stm32f4xx_hal.o
 .debug_frame   0x00000188      0x17c ./system/src/stm32f4-hal/stm32f4xx_hal_cortex.o
 .debug_frame   0x00000304      0x140 ./system/src/stm32f4-hal/stm32f4xx_hal_rcc.o
 .debug_frame   0x00000444       0x38 ./system/src/newlib/_exit.o
 .debug_frame   0x0000047c       0x28 ./system/src/newlib/_sbrk.o
 .debug_frame   0x000004a4       0x7c ./system/src/newlib/_startup.o
 .debug_frame   0x00000520       0x50 ./system/src/newlib/_syscalls.o
 .debug_frame   0x00000570       0x40 ./system/src/newlib/assert.o
 .debug_frame   0x000005b0       0x94 ./system/src/diag/Trace.o
 .debug_frame   0x00000644       0x64 ./system/src/diag/trace_impl.o
 .debug_frame   0x000006a8       0x40 ./system/src/cortexm/_initialize_hardware.o
 .debug_frame   0x000006e8      0x158 ./system/src/cortexm/exception_handlers.o
 .debug_frame   0x00000840       0x30 ./system/src/cmsis/system_stm32f4xx.o
 .debug_frame   0x00000870       0x20 ./system/src/cmsis/vectors_stm32f401xc.o
 .debug_frame   0x00000890      0x17c ./src/MCAL/UART/UART_prg.o
 .debug_frame   0x00000a0c       0xc0 ./src/MCAL/SYSTICK/STK_prg.o
 .debug_frame   0x00000acc       0x40 ./src/MCAL/RCC/RCC_prg.o
 .debug_frame   0x00000b0c       0xe0 ./src/MCAL/GPIO/GPIO_prg.o
 .debug_frame   0x00000bec       0x4c ./src/_initialize_hardware.o
 .debug_frame   0x00000c38       0x28 ./src/main.o
 .debug_frame   0x00000c60       0x50 ./src/stm32f4xx_hal_msp.o
 .debug_frame   0x00000cb0       0x2c m:/18.iti-material-embedded-system-track-4-months/09.arm/arm_tool_sdk/imt_sdk_win_64/imt_sdk_win_64/winarm/armgcc/bin/../lib/gcc/arm-none-eabi/7.2.1/thumb/v7e-m\libgcc.a(_aeabi_uldivmod.o)
 .debug_frame   0x00000cdc       0x34 m:/18.iti-material-embedded-system-track-4-months/09.arm/arm_tool_sdk/imt_sdk_win_64/imt_sdk_win_64/winarm/armgcc/bin/../lib/gcc/arm-none-eabi/7.2.1/thumb/v7e-m\libgcc.a(_udivmoddi4.o)
 .debug_frame   0x00000d10       0x20 m:/18.iti-material-embedded-system-track-4-months/09.arm/arm_tool_sdk/imt_sdk_win_64/imt_sdk_win_64/winarm/armgcc/bin/../lib/gcc/arm-none-eabi/7.2.1/../../../../arm-none-eabi/lib/thumb/v7e-m\libg_nano.a(lib_a-errno.o)
 .debug_frame   0x00000d30       0x4c m:/18.iti-material-embedded-system-track-4-months/09.arm/arm_tool_sdk/imt_sdk_win_64/imt_sdk_win_64/winarm/armgcc/bin/../lib/gcc/arm-none-eabi/7.2.1/../../../../arm-none-eabi/lib/thumb/v7e-m\libg_nano.a(lib_a-vsnprintf.o)
 .debug_frame   0x00000d7c       0x90 m:/18.iti-material-embedded-system-track-4-months/09.arm/arm_tool_sdk/imt_sdk_win_64/imt_sdk_win_64/winarm/armgcc/bin/../lib/gcc/arm-none-eabi/7.2.1/../../../../arm-none-eabi/lib/thumb/v7e-m\libg_nano.a(lib_a-nano-svfprintf.o)
 .debug_frame   0x00000e0c       0x60 m:/18.iti-material-embedded-system-track-4-months/09.arm/arm_tool_sdk/imt_sdk_win_64/imt_sdk_win_64/winarm/armgcc/bin/../lib/gcc/arm-none-eabi/7.2.1/../../../../arm-none-eabi/lib/thumb/v7e-m\libg_nano.a(lib_a-nano-vfprintf_i.o)
 .debug_frame   0x00000e6c       0x28 m:/18.iti-material-embedded-system-track-4-months/09.arm/arm_tool_sdk/imt_sdk_win_64/imt_sdk_win_64/winarm/armgcc/bin/../lib/gcc/arm-none-eabi/7.2.1/../../../../arm-none-eabi/lib/thumb/v7e-m\libg_nano.a(lib_a-memcpy-stub.o)
 .debug_frame   0x00000e94       0x28 m:/18.iti-material-embedded-system-track-4-months/09.arm/arm_tool_sdk/imt_sdk_win_64/imt_sdk_win_64/winarm/armgcc/bin/../lib/gcc/arm-none-eabi/7.2.1/../../../../arm-none-eabi/lib/thumb/v7e-m\libg_nano.a(lib_a-memmove.o)
 .debug_frame   0x00000ebc       0x38 m:/18.iti-material-embedded-system-track-4-months/09.arm/arm_tool_sdk/imt_sdk_win_64/imt_sdk_win_64/winarm/armgcc/bin/../lib/gcc/arm-none-eabi/7.2.1/../../../../arm-none-eabi/lib/thumb/v7e-m\libg_nano.a(lib_a-nano-freer.o)
 .debug_frame   0x00000ef4       0x2c m:/18.iti-material-embedded-system-track-4-months/09.arm/arm_tool_sdk/imt_sdk_win_64/imt_sdk_win_64/winarm/armgcc/bin/../lib/gcc/arm-none-eabi/7.2.1/../../../../arm-none-eabi/lib/thumb/v7e-m\libg_nano.a(lib_a-nano-mallocr.o)
 .debug_frame   0x00000f20       0x3c m:/18.iti-material-embedded-system-track-4-months/09.arm/arm_tool_sdk/imt_sdk_win_64/imt_sdk_win_64/winarm/armgcc/bin/../lib/gcc/arm-none-eabi/7.2.1/../../../../arm-none-eabi/lib/thumb/v7e-m\libg_nano.a(lib_a-nano-reallocr.o)
 .debug_frame   0x00000f5c       0x2c m:/18.iti-material-embedded-system-track-4-months/09.arm/arm_tool_sdk/imt_sdk_win_64/imt_sdk_win_64/winarm/armgcc/bin/../lib/gcc/arm-none-eabi/7.2.1/../../../../arm-none-eabi/lib/thumb/v7e-m\libg_nano.a(lib_a-sbrkr.o)
 .debug_frame   0x00000f88       0x30 m:/18.iti-material-embedded-system-track-4-months/09.arm/arm_tool_sdk/imt_sdk_win_64/imt_sdk_win_64/winarm/armgcc/bin/../lib/gcc/arm-none-eabi/7.2.1/../../../../arm-none-eabi/lib/thumb/v7e-m\libg_nano.a(lib_a-mlock.o)
 .debug_frame   0x00000fb8       0x20 m:/18.iti-material-embedded-system-track-4-months/09.arm/arm_tool_sdk/imt_sdk_win_64/imt_sdk_win_64/winarm/armgcc/bin/../lib/gcc/arm-none-eabi/7.2.1/../../../../arm-none-eabi/lib/thumb/v7e-m\libg_nano.a(lib_a-nano-msizer.o)

.debug_str      0x00000000    0x7522f
 *(.debug_str)
 .debug_str     0x00000000    0x6fc92 ./system/src/stm32f4-hal/stm32f4xx_hal.o
                              0x700c6 (size before relaxing)
 .debug_str     0x0006fc92      0x391 ./system/src/stm32f4-hal/stm32f4xx_hal_cortex.o
                              0x6ff30 (size before relaxing)
 .debug_str     0x00070023      0x3f5 ./system/src/stm32f4-hal/stm32f4xx_hal_rcc.o
                              0x6fc48 (size before relaxing)
 .debug_str     0x00070418     0x10ff ./system/src/newlib/_exit.o
                               0x7f27 (size before relaxing)
 .debug_str     0x00071517      0x4f5 ./system/src/newlib/_sbrk.o
                               0x72d9 (size before relaxing)
 .debug_str     0x00071a0c      0x2c6 ./system/src/newlib/_startup.o
                               0x6a7a (size before relaxing)
 .debug_str     0x00071cd2      0xe8b ./system/src/newlib/_syscalls.o
                               0x81b4 (size before relaxing)
 .debug_str     0x00072b5d       0xd0 ./system/src/newlib/assert.o
                               0x8a2c (size before relaxing)
 .debug_str     0x00072c2d      0x176 ./system/src/diag/Trace.o
                               0x869f (size before relaxing)
 .debug_str     0x00072da3      0x37b ./system/src/diag/trace_impl.o
                              0x709c5 (size before relaxing)
 .debug_str     0x0007311e       0x5e ./system/src/cortexm/_initialize_hardware.o
                              0x6f757 (size before relaxing)
 .debug_str     0x0007317c      0x19d ./system/src/cortexm/exception_handlers.o
                              0x70b4f (size before relaxing)
 .debug_str     0x00073319       0x46 ./system/src/cmsis/system_stm32f4xx.o
                              0x6f838 (size before relaxing)
 .debug_str     0x0007335f       0x59 ./system/src/cmsis/vectors_stm32f401xc.o
                               0x38b7 (size before relaxing)
 .debug_str     0x000733b8      0x40d ./src/MCAL/UART/UART_cfg.o
                               0x31ec (size before relaxing)
 .debug_str     0x000737c5      0xa74 ./src/MCAL/UART/UART_prg.o
                               0x3cdc (size before relaxing)
 .debug_str     0x00074239      0x22b ./src/MCAL/SYSTICK/STK_prg.o
                               0x313d (size before relaxing)
 .debug_str     0x00074464      0x7cd ./src/MCAL/RCC/RCC_prg.o
                               0x3756 (size before relaxing)
 .debug_str     0x00074c31      0x4c8 ./src/MCAL/GPIO/GPIO_prg.o
                               0x33cc (size before relaxing)
 .debug_str     0x000750f9       0x31 ./src/_initialize_hardware.o
                              0x6f94e (size before relaxing)
 .debug_str     0x0007512a       0xc8 ./src/main.o
                               0x380e (size before relaxing)
 .debug_str     0x000751f2       0x3d ./src/stm32f4xx_hal_msp.o
                              0x6f69f (size before relaxing)

.debug_loc      0x00000000     0x265f
 *(.debug_loc)
 .debug_loc     0x00000000       0x92 ./system/src/stm32f4-hal/stm32f4xx_hal.o
 .debug_loc     0x00000092      0x73b ./system/src/stm32f4-hal/stm32f4xx_hal_cortex.o
 .debug_loc     0x000007cd      0x50a ./system/src/stm32f4-hal/stm32f4xx_hal_rcc.o
 .debug_loc     0x00000cd7       0x85 ./system/src/newlib/_sbrk.o
 .debug_loc     0x00000d5c      0x2cb ./system/src/newlib/_startup.o
 .debug_loc     0x00001027       0x63 ./system/src/newlib/_syscalls.o
 .debug_loc     0x0000108a      0x134 ./system/src/newlib/assert.o
 .debug_loc     0x000011be       0xf6 ./system/src/diag/Trace.o
 .debug_loc     0x000012b4      0x121 ./system/src/diag/trace_impl.o
 .debug_loc     0x000013d5      0x291 ./system/src/cortexm/exception_handlers.o
 .debug_loc     0x00001666      0x13e ./system/src/cmsis/system_stm32f4xx.o
 .debug_loc     0x000017a4      0x2e4 ./src/MCAL/UART/UART_prg.o
 .debug_loc     0x00001a88       0xa5 ./src/MCAL/SYSTICK/STK_prg.o
 .debug_loc     0x00001b2d      0x1e2 ./src/MCAL/RCC/RCC_prg.o
 .debug_loc     0x00001d0f      0x930 ./src/MCAL/GPIO/GPIO_prg.o
 .debug_loc     0x0000263f       0x20 ./src/main.o

.debug_macinfo
 *(.debug_macinfo)

.debug_weaknames
 *(.debug_weaknames)

.debug_funcnames
 *(.debug_funcnames)

.debug_typenames
 *(.debug_typenames)

.debug_varnames
 *(.debug_varnames)
OUTPUT(Graduation_Project_V2V_ver.01.elf elf32-littlearm)

.debug_ranges   0x00000000      0x5e8
 .debug_ranges  0x00000000       0xb0 ./system/src/stm32f4-hal/stm32f4xx_hal.o
 .debug_ranges  0x000000b0       0xe8 ./system/src/stm32f4-hal/stm32f4xx_hal_cortex.o
 .debug_ranges  0x00000198       0x78 ./system/src/stm32f4-hal/stm32f4xx_hal_rcc.o
 .debug_ranges  0x00000210       0x18 ./system/src/newlib/_exit.o
 .debug_ranges  0x00000228       0x10 ./system/src/newlib/_sbrk.o
 .debug_ranges  0x00000238       0x90 ./system/src/newlib/_startup.o
 .debug_ranges  0x000002c8       0x20 ./system/src/newlib/_syscalls.o
 .debug_ranges  0x000002e8       0x18 ./system/src/newlib/assert.o
 .debug_ranges  0x00000300       0x28 ./system/src/diag/Trace.o
 .debug_ranges  0x00000328       0x50 ./system/src/diag/trace_impl.o
 .debug_ranges  0x00000378       0x18 ./system/src/cortexm/_initialize_hardware.o
 .debug_ranges  0x00000390       0x80 ./system/src/cortexm/exception_handlers.o
 .debug_ranges  0x00000410       0x18 ./system/src/cmsis/system_stm32f4xx.o
 .debug_ranges  0x00000428       0x10 ./system/src/cmsis/vectors_stm32f401xc.o
 .debug_ranges  0x00000438       0xa0 ./src/MCAL/UART/UART_prg.o
 .debug_ranges  0x000004d8       0x50 ./src/MCAL/SYSTICK/STK_prg.o
 .debug_ranges  0x00000528       0x20 ./src/MCAL/RCC/RCC_prg.o
 .debug_ranges  0x00000548       0x50 ./src/MCAL/GPIO/GPIO_prg.o
 .debug_ranges  0x00000598       0x18 ./src/_initialize_hardware.o
 .debug_ranges  0x000005b0       0x10 ./src/main.o
 .debug_ranges  0x000005c0       0x28 ./src/stm32f4xx_hal_msp.o

.debug_macro    0x00000000    0x15610
 .debug_macro   0x00000000      0x532 ./system/src/stm32f4-hal/stm32f4xx_hal.o
 .debug_macro   0x00000532      0xa6c ./system/src/stm32f4-hal/stm32f4xx_hal.o
 .debug_macro   0x00000f9e      0x289 ./system/src/stm32f4-hal/stm32f4xx_hal.o
 .debug_macro   0x00001227       0x31 ./system/src/stm32f4-hal/stm32f4xx_hal.o
 .debug_macro   0x00001258       0x28 ./system/src/stm32f4-hal/stm32f4xx_hal.o
 .debug_macro   0x00001280      0x34e ./system/src/stm32f4-hal/stm32f4xx_hal.o
 .debug_macro   0x000015ce       0x35 ./system/src/stm32f4-hal/stm32f4xx_hal.o
 .debug_macro   0x00001603       0x50 ./system/src/stm32f4-hal/stm32f4xx_hal.o
 .debug_macro   0x00001653      0xe66 ./system/src/stm32f4-hal/stm32f4xx_hal.o
 .debug_macro   0x000024b9     0x5099 ./system/src/stm32f4-hal/stm32f4xx_hal.o
 .debug_macro   0x00007552       0x43 ./system/src/stm32f4-hal/stm32f4xx_hal.o
 .debug_macro   0x00007595     0x347f ./system/src/stm32f4-hal/stm32f4xx_hal.o
 .debug_macro   0x0000aa14       0x22 ./system/src/stm32f4-hal/stm32f4xx_hal.o
 .debug_macro   0x0000aa36       0x52 ./system/src/stm32f4-hal/stm32f4xx_hal.o
 .debug_macro   0x0000aa88       0x17 ./system/src/stm32f4-hal/stm32f4xx_hal.o
 .debug_macro   0x0000aa9f       0x8d ./system/src/stm32f4-hal/stm32f4xx_hal.o
 .debug_macro   0x0000ab2c       0x35 ./system/src/stm32f4-hal/stm32f4xx_hal.o
 .debug_macro   0x0000ab61       0x9c ./system/src/stm32f4-hal/stm32f4xx_hal.o
 .debug_macro   0x0000abfd       0x16 ./system/src/stm32f4-hal/stm32f4xx_hal.o
 .debug_macro   0x0000ac13       0x57 ./system/src/stm32f4-hal/stm32f4xx_hal.o
 .debug_macro   0x0000ac6a       0x97 ./system/src/stm32f4-hal/stm32f4xx_hal.o
 .debug_macro   0x0000ad01      0x330 ./system/src/stm32f4-hal/stm32f4xx_hal.o
 .debug_macro   0x0000b031       0xfd ./system/src/stm32f4-hal/stm32f4xx_hal.o
 .debug_macro   0x0000b12e       0x10 ./system/src/stm32f4-hal/stm32f4xx_hal.o
 .debug_macro   0x0000b13e       0x58 ./system/src/stm32f4-hal/stm32f4xx_hal.o
 .debug_macro   0x0000b196       0x1f ./system/src/stm32f4-hal/stm32f4xx_hal.o
 .debug_macro   0x0000b1b5       0x43 ./system/src/stm32f4-hal/stm32f4xx_hal.o
 .debug_macro   0x0000b1f8       0x20 ./system/src/stm32f4-hal/stm32f4xx_hal.o
 .debug_macro   0x0000b218      0x18e ./system/src/stm32f4-hal/stm32f4xx_hal.o
 .debug_macro   0x0000b3a6       0x10 ./system/src/stm32f4-hal/stm32f4xx_hal.o
 .debug_macro   0x0000b3b6       0x6a ./system/src/stm32f4-hal/stm32f4xx_hal.o
 .debug_macro   0x0000b420       0x1c ./system/src/stm32f4-hal/stm32f4xx_hal.o
 .debug_macro   0x0000b43c       0x52 ./system/src/stm32f4-hal/stm32f4xx_hal.o
 .debug_macro   0x0000b48e       0x40 ./system/src/stm32f4-hal/stm32f4xx_hal.o
 .debug_macro   0x0000b4ce       0x10 ./system/src/stm32f4-hal/stm32f4xx_hal.o
 .debug_macro   0x0000b4de       0x40 ./system/src/stm32f4-hal/stm32f4xx_hal.o
 .debug_macro   0x0000b51e       0xd7 ./system/src/stm32f4-hal/stm32f4xx_hal.o
 .debug_macro   0x0000b5f5       0x1c ./system/src/stm32f4-hal/stm32f4xx_hal.o
 .debug_macro   0x0000b611       0x3d ./system/src/stm32f4-hal/stm32f4xx_hal.o
 .debug_macro   0x0000b64e       0x16 ./system/src/stm32f4-hal/stm32f4xx_hal.o
 .debug_macro   0x0000b664      0x16f ./system/src/stm32f4-hal/stm32f4xx_hal.o
 .debug_macro   0x0000b7d3       0x57 ./system/src/stm32f4-hal/stm32f4xx_hal.o
 .debug_macro   0x0000b82a      0x424 ./system/src/stm32f4-hal/stm32f4xx_hal.o
 .debug_macro   0x0000bc4e      0x9e1 ./system/src/stm32f4-hal/stm32f4xx_hal.o
 .debug_macro   0x0000c62f      0x11e ./system/src/stm32f4-hal/stm32f4xx_hal.o
 .debug_macro   0x0000c74d       0xf8 ./system/src/stm32f4-hal/stm32f4xx_hal.o
 .debug_macro   0x0000c845       0x27 ./system/src/stm32f4-hal/stm32f4xx_hal.o
 .debug_macro   0x0000c86c      0x287 ./system/src/stm32f4-hal/stm32f4xx_hal.o
 .debug_macro   0x0000caf3       0x5f ./system/src/stm32f4-hal/stm32f4xx_hal.o
 .debug_macro   0x0000cb52      0x23a ./system/src/stm32f4-hal/stm32f4xx_hal.o
 .debug_macro   0x0000cd8c      0x391 ./system/src/stm32f4-hal/stm32f4xx_hal.o
 .debug_macro   0x0000d11d      0x16f ./system/src/stm32f4-hal/stm32f4xx_hal.o
 .debug_macro   0x0000d28c       0xf9 ./system/src/stm32f4-hal/stm32f4xx_hal.o
 .debug_macro   0x0000d385       0x23 ./system/src/stm32f4-hal/stm32f4xx_hal.o
 .debug_macro   0x0000d3a8      0x13a ./system/src/stm32f4-hal/stm32f4xx_hal.o
 .debug_macro   0x0000d4e2      0x23a ./system/src/stm32f4-hal/stm32f4xx_hal.o
 .debug_macro   0x0000d71c       0x2e ./system/src/stm32f4-hal/stm32f4xx_hal.o
 .debug_macro   0x0000d74a      0x1a7 ./system/src/stm32f4-hal/stm32f4xx_hal.o
 .debug_macro   0x0000d8f1       0x22 ./system/src/stm32f4-hal/stm32f4xx_hal.o
 .debug_macro   0x0000d913       0xa5 ./system/src/stm32f4-hal/stm32f4xx_hal.o
 .debug_macro   0x0000d9b8      0x18b ./system/src/stm32f4-hal/stm32f4xx_hal.o
 .debug_macro   0x0000db43       0x24 ./system/src/stm32f4-hal/stm32f4xx_hal.o
 .debug_macro   0x0000db67       0x35 ./system/src/stm32f4-hal/stm32f4xx_hal.o
 .debug_macro   0x0000db9c       0x79 ./system/src/stm32f4-hal/stm32f4xx_hal.o
 .debug_macro   0x0000dc15      0x11e ./system/src/stm32f4-hal/stm32f4xx_hal.o
 .debug_macro   0x0000dd33       0x85 ./system/src/stm32f4-hal/stm32f4xx_hal.o
 .debug_macro   0x0000ddb8       0x89 ./system/src/stm32f4-hal/stm32f4xx_hal.o
 .debug_macro   0x0000de41      0x31a ./system/src/stm32f4-hal/stm32f4xx_hal.o
 .debug_macro   0x0000e15b      0x409 ./system/src/stm32f4-hal/stm32f4xx_hal.o
 .debug_macro   0x0000e564       0xe4 ./system/src/stm32f4-hal/stm32f4xx_hal.o
 .debug_macro   0x0000e648      0x48d ./system/src/stm32f4-hal/stm32f4xx_hal.o
 .debug_macro   0x0000ead5      0x22b ./system/src/stm32f4-hal/stm32f4xx_hal.o
 .debug_macro   0x0000ed00      0x202 ./system/src/stm32f4-hal/stm32f4xx_hal.o
 .debug_macro   0x0000ef02      0x6d9 ./system/src/stm32f4-hal/stm32f4xx_hal.o
 .debug_macro   0x0000f5db       0x5b ./system/src/stm32f4-hal/stm32f4xx_hal.o
 .debug_macro   0x0000f636      0x14d ./system/src/stm32f4-hal/stm32f4xx_hal.o
 .debug_macro   0x0000f783      0x287 ./system/src/stm32f4-hal/stm32f4xx_hal.o
 .debug_macro   0x0000fa0a      0x225 ./system/src/stm32f4-hal/stm32f4xx_hal.o
 .debug_macro   0x0000fc2f      0x1b5 ./system/src/stm32f4-hal/stm32f4xx_hal.o
 .debug_macro   0x0000fde4      0x2db ./system/src/stm32f4-hal/stm32f4xx_hal.o
 .debug_macro   0x000100bf       0x89 ./system/src/stm32f4-hal/stm32f4xx_hal.o
 .debug_macro   0x00010148      0x1df ./system/src/stm32f4-hal/stm32f4xx_hal.o
 .debug_macro   0x00010327      0x115 ./system/src/stm32f4-hal/stm32f4xx_hal.o
 .debug_macro   0x0001043c       0x6e ./system/src/stm32f4-hal/stm32f4xx_hal.o
 .debug_macro   0x000104aa      0x11e ./system/src/stm32f4-hal/stm32f4xx_hal.o
 .debug_macro   0x000105c8      0x4e4 ./system/src/stm32f4-hal/stm32f4xx_hal_cortex.o
 .debug_macro   0x00010aac      0x50e ./system/src/stm32f4-hal/stm32f4xx_hal_rcc.o
 .debug_macro   0x00010fba      0x1b4 ./system/src/newlib/_exit.o
 .debug_macro   0x0001116e      0x10e ./system/src/newlib/_exit.o
 .debug_macro   0x0001127c       0x8d ./system/src/newlib/_exit.o
 .debug_macro   0x00011309       0x35 ./system/src/newlib/_exit.o
 .debug_macro   0x0001133e      0x169 ./system/src/newlib/_sbrk.o
 .debug_macro   0x000114a7      0x174 ./system/src/newlib/_sbrk.o
 .debug_macro   0x0001161b       0x10 ./system/src/newlib/_sbrk.o
 .debug_macro   0x0001162b      0x23b ./system/src/newlib/_sbrk.o
 .debug_macro   0x00011866      0x173 ./system/src/newlib/_startup.o
 .debug_macro   0x000119d9      0xa72 ./system/src/newlib/_startup.o
 .debug_macro   0x0001244b      0x217 ./system/src/newlib/_syscalls.o
 .debug_macro   0x00012662       0x1c ./system/src/newlib/_syscalls.o
 .debug_macro   0x0001267e       0x10 ./system/src/newlib/_syscalls.o
 .debug_macro   0x0001268e       0x10 ./system/src/newlib/_syscalls.o
 .debug_macro   0x0001269e       0x10 ./system/src/newlib/_syscalls.o
 .debug_macro   0x000126ae       0x35 ./system/src/newlib/_syscalls.o
 .debug_macro   0x000126e3      0x122 ./system/src/newlib/_syscalls.o
 .debug_macro   0x00012805       0x88 ./system/src/newlib/_syscalls.o
 .debug_macro   0x0001288d       0x2b ./system/src/newlib/_syscalls.o
 .debug_macro   0x000128b8      0x118 ./system/src/newlib/_syscalls.o
 .debug_macro   0x000129d0      0x189 ./system/src/newlib/_syscalls.o
 .debug_macro   0x00012b59       0x16 ./system/src/newlib/_syscalls.o
 .debug_macro   0x00012b6f      0x1d0 ./system/src/newlib/assert.o
 .debug_macro   0x00012d3f       0x1c ./system/src/newlib/assert.o
 .debug_macro   0x00012d5b      0x1fb ./system/src/diag/Trace.o
 .debug_macro   0x00012f56       0x4c ./system/src/diag/Trace.o
 .debug_macro   0x00012fa2       0x16 ./system/src/diag/Trace.o
 .debug_macro   0x00012fb8      0x52a ./system/src/diag/trace_impl.o
 .debug_macro   0x000134e2       0x22 ./system/src/diag/trace_impl.o
 .debug_macro   0x00013504      0x4ee ./system/src/cortexm/_initialize_hardware.o
 .debug_macro   0x000139f2      0x557 ./system/src/cortexm/exception_handlers.o
 .debug_macro   0x00013f49       0x3b ./system/src/cortexm/exception_handlers.o
 .debug_macro   0x00013f84      0x4ea ./system/src/cmsis/system_stm32f4xx.o
 .debug_macro   0x0001446e       0x34 ./system/src/cmsis/vectors_stm32f401xc.o
 .debug_macro   0x000144a2       0x35 ./src/MCAL/UART/UART_cfg.o
 .debug_macro   0x000144d7       0x10 ./src/MCAL/UART/UART_cfg.o
 .debug_macro   0x000144e7       0x28 ./src/MCAL/UART/UART_cfg.o
 .debug_macro   0x0001450f       0x1c ./src/MCAL/UART/UART_cfg.o
 .debug_macro   0x0001452b       0x88 ./src/MCAL/UART/UART_cfg.o
 .debug_macro   0x000145b3       0x3e ./src/MCAL/UART/UART_prg.o
 .debug_macro   0x000145f1      0x16f ./src/MCAL/UART/UART_prg.o
 .debug_macro   0x00014760       0x3f ./src/MCAL/SYSTICK/STK_prg.o
 .debug_macro   0x0001479f       0x52 ./src/MCAL/SYSTICK/STK_prg.o
 .debug_macro   0x000147f1       0x16 ./src/MCAL/SYSTICK/STK_prg.o
 .debug_macro   0x00014807       0x3e ./src/MCAL/RCC/RCC_prg.o
 .debug_macro   0x00014845       0x6a ./src/MCAL/RCC/RCC_prg.o
 .debug_macro   0x000148af       0xe2 ./src/MCAL/RCC/RCC_prg.o
 .debug_macro   0x00014991      0x12d ./src/MCAL/RCC/RCC_prg.o
 .debug_macro   0x00014abe       0x35 ./src/MCAL/GPIO/GPIO_prg.o
 .debug_macro   0x00014af3       0x2e ./src/MCAL/GPIO/GPIO_prg.o
 .debug_macro   0x00014b21       0xd6 ./src/MCAL/GPIO/GPIO_prg.o
 .debug_macro   0x00014bf7      0x4e4 ./src/_initialize_hardware.o
 .debug_macro   0x000150db       0x51 ./src/main.o
 .debug_macro   0x0001512c      0x4e4 ./src/stm32f4xx_hal_msp.o
